scripts/migrations-proposed/20261008_ofis_phase1.sql: OK
scripts/migrations-proposed/20261008_ofis_phase1.rollback.sql: OK
scripts/migrations-proposed/20261008_ofis_operations.sql: OK
app/api/admin/office/route.ts: OK
app/api/admin/office/operations/route.ts: OK
app/api/admin/quotes/manual/route.ts: OK
lib/admin/officeModel.ts: OK
lib/admin/officeCalendar.ts: OK
lib/admin/officeOperationSchema.ts: OK
lib/phone/normalize.ts: OK
scripts/ofis-test/start.mjs: OK
scripts/ofis-test/accept-phase1.mjs: OK
scripts/ofis-test/accept-phase4.mjs: OK
scripts/ofis-test/verify-phase2.mjs: OK
scripts/ofis-test/verify-phase3.mjs: OK
scripts/ofis-test/verify-phase4.mjs: OK
scripts/ofis-test/verify-contact.mjs: OK
tests/api/admin-quotes-revise.test.ts: OK
tests/admin/office-model.test.ts: OK
tests/admin/quote-series-keys.test.ts: OK
tests/admin/quote-semantics.test.ts: OK
tests/admin/quote-interactions-route.test.ts: OK
app/ofis/tabs/QuotesTab.tsx: OK
components/admin/OfficeProjectPanel.tsx: OK
lib/admin/groupQuotesIntoSeries.ts: OK
scripts/ofis-test/seed-demo.mjs: OK
