
[1m[30m[46m RUN [49m[39m[22m [36mv4.1.10 [39m[90m/home/emrah/projeler/aktif/tasyunufiyatlari/.worktrees/ofis-redesign-20261008[39m

(node:11) [DEP0205] DeprecationWarning: `module.register()` is deprecated. Use `module.registerHooks()` instead.
(Use `node --trace-deprecation ...` to show where the warning was created)
 [32m✓[39m tests/admin/format-duration.test.ts [2m([22m[2m30 tests[22m[2m)[22m[32m 12[2mms[22m[39m
 [32m✓[39m tests/admin/dashboard-worklist.test.ts [2m([22m[2m2 tests[22m[2m)[22m[32m 5[2mms[22m[39m
 [32m✓[39m tests/admin/quote-semantics.test.ts [2m([22m[2m24 tests[22m[2m)[22m[32m 10[2mms[22m[39m
 [32m✓[39m tests/admin/quotes-csv.test.ts [2m([22m[2m17 tests[22m[2m)[22m[32m 27[2mms[22m[39m
 [32m✓[39m tests/quote/quote-indicators.test.ts [2m([22m[2m16 tests[22m[2m)[22m[32m 5[2mms[22m[39m
 [31m❯[39m tests/admin/quote-series-keys.test.ts [2m([22m[2m1 test[22m[2m | [22m[31m1 failed[39m[2m)[22m[32m 12[2mms[22m[39m
[31m     [31m×[31m aynı anda aynı telefonla gelen ayrı işler filtrelenirken birbirinin React kaydını kullanamaz[39m[32m 10[2mms[22m[39m
 [32m✓[39m tests/pricing/calc-pricing.test.ts [2m([22m[2m8 tests[22m[2m)[22m[32m 5[2mms[22m[39m
 [32m✓[39m tests/security/admin-role-signal.test.ts [2m([22m[2m6 tests[22m[2m)[22m[32m 11[2mms[22m[39m
 [32m✓[39m tests/admin/office-model.test.ts [2m([22m[2m15 tests[22m[2m)[22m[32m 29[2mms[22m[39m
 [32m✓[39m tests/admin/quote-interactions-route.test.ts [2m([22m[2m8 tests[22m[2m)[22m[32m 21[2mms[22m[39m
 [32m✓[39m tests/pricing/quote-totals.test.ts [2m([22m[2m11 tests[22m[2m)[22m[32m 7[2mms[22m[39m
 [32m✓[39m tests/security/admin-mutation-auth.test.ts [2m([22m[2m10 tests[22m[2m)[22m[32m 25[2mms[22m[39m
 [32m✓[39m tests/security/admin-read-gates.test.ts [2m([22m[2m6 tests[22m[2m)[22m[32m 9[2mms[22m[39m
 [32m✓[39m tests/quote/quote-duplicate-source.test.ts [2m([22m[2m9 tests[22m[2m)[22m[32m 5[2mms[22m[39m
 [32m✓[39m tests/security/admin-routes-auth.test.ts [2m([22m[2m5 tests[22m[2m)[22m[32m 10[2mms[22m[39m

[31m⎯⎯⎯⎯⎯⎯⎯[39m[1m[41m Failed Tests 1 [49m[22m[31m⎯⎯⎯⎯⎯⎯⎯[39m

[41m[1m FAIL [22m[49m tests/admin/quote-series-keys.test.ts[2m > [22mteklif serisi kimliği[2m > [22maynı anda aynı telefonla gelen ayrı işler filtrelenirken birbirinin React kaydını kullanamaz
[31m[1mAssertionError[22m: expected 1 to be 2 // Object.is equality[39m

[32m- Expected[39m
[31m+ Received[39m

[32m- 2[39m
[31m+ 1[39m

[36m [2m❯[22m tests/admin/quote-series-keys.test.ts:[2m8:52[22m[39m
    [90m  6|[39m   const groups=groupQuotesIntoSeries([{...base,id:'9007199254740993',c…
    [90m  7|[39m   [34mexpect[39m(groups)[33m.[39m[34mtoHaveLength[39m([34m2[39m)[33m;[39m
    [90m  8|[39m   [34mexpect[39m([35mnew[39m [33mSet[39m(groups[33m.[39m[34mmap[39m(g[33m=>[39mg[33m.[39mseriesKey))[33m.[39msize)[33m.[39m[34mtoBe[39m([34m2[39m)[33m;[39m
    [90m   |[39m                                                    [31m^[39m
    [90m  9|[39m   for(const g of groups)expect(groupQuotesIntoSeries(g.quotes)[0].seri…
    [90m 10|[39m  })[33m;[39m

[31m[2m⎯⎯⎯⎯⎯⎯⎯⎯⎯⎯⎯⎯⎯⎯⎯⎯⎯⎯⎯⎯⎯⎯⎯⎯[1/1]⎯[22m[39m


[2m Test Files [22m [1m[31m1 failed[39m[22m[2m | [22m[1m[32m14 passed[39m[22m[90m (15)[39m
[2m      Tests [22m [1m[31m1 failed[39m[22m[2m | [22m[1m[32m167 passed[39m[22m[90m (168)[39m
[2m   Start at [22m 22:38:48
[2m   Duration [22m 634ms[2m (transform 1.58s, setup 0ms, import 2.64s, tests 194ms, environment 2ms)[22m

